sat
sat
sat
sat
sat
unsat
unsat
unsat
unsat
unsat
