sat
((f u9)(g u9)(h u17)(true true)(false false))
