At line 4: syntax error, unexpected TK_NUM, expecting ')'
