At line 9: syntax error, unexpected TK_NUM, expecting ')'
