(error "Attempting to top-level BitBlast a non-predicate false")

