; Outputing an instance:
; -36 
; Outputing an instance:
; 36 
unknown
