; Outputing an instance:
; 558 
; Outputing an instance:
; -558 
unknown
