; Outputing an instance:
; -48 617 -949 
; Outputing an instance:
; -48 617 949 
; Outputing an instance:
; -48 -617 -949 
; Outputing an instance:
; -48 -617 949 
; Outputing an instance:
; 48 632 -949 
; Outputing an instance:
; 48 632 949 
; Outputing an instance:
; 48 -632 -949 
; Outputing an instance:
; 48 -632 949 
unknown
