; Outputing an instance:
; 48 626 621 
; Outputing an instance:
; 48 626 -621 
; Outputing an instance:
; 48 -626 251 
; Outputing an instance:
; 48 -626 -251 
; Outputing an instance:
; -48 621 618 
; Outputing an instance:
; -48 621 -618 
; Outputing an instance:
; -48 -621 615 
; Outputing an instance:
; -48 -621 -615 
unknown
