(error "Ambiguous symbol: `a'")

(error "assertion returns an unknown sort")

