At line 1: syntax error, unexpected TK_NUM, expecting ')'
