(error "Illegal command before set-logic: push")

