At line 22: syntax error, unexpected TK_NUM, expecting ')'
