(error "Unknown symbol `= (U V) (U W)'")

(error "assertion returns an unknown sort")

sat
