sat
(
  (define-fun v1 () Real
    -1)
  (define-fun v2 () Real
    -1)
  (define-fun v3 () Real
    0)
  (define-fun v4 () Real
    0)
  (define-fun b1 () Bool
    false)
  (define-fun b2 () Bool
    false)
  (define-fun b3 () Bool
    true)
  (define-fun b4 () Bool
    true)
)
