sat
(
  (define-fun Add_32_32_32 ((x0 utt$32) (x1 utt$32)) utt$32
    (ite (= (as @3 utt$32) x0) (ite (= (as @3 utt$32) x1) (as @9 utt$32) (as @d3 utt$32)) (as @d3 utt$32)))
  (define-fun GrEq_1_32_32 ((x2 utt$32) (x3 utt$32)) Bool
    (ite (= (as @5 utt$32) x2) (ite (= (as @9 utt$32) x3) false true) true))
  (define-fun y$1 () Bool
    true)
  (define-fun y$11 () Bool
    true)
  (define-fun y$13 () Bool
    true)
  (define-fun y$15 () Bool
    true)
  (define-fun y$17 () Bool
    true)
  (define-fun y$19 () Bool
    true)
  (define-fun y$21 () Bool
    true)
  (define-fun y$24 () Bool
    true)
  (define-fun y$26 () Bool
    true)
  (define-fun y$28 () Bool
    true)
  (define-fun y$3 () Bool
    true)
  (define-fun y$30 () Bool
    true)
  (define-fun y$32 () Bool
    true)
  (define-fun y$5 () Bool
    true)
  (define-fun y$7 () Bool
    true)
  (define-fun y$720 () Bool
    true)
  (define-fun y$723 () Bool
    false)
  (define-fun y$724 () Bool
    true)
  (define-fun y$743 () Bool
    true)
  (define-fun y$759 () Bool
    true)
  (define-fun y$9 () Bool
    true)
  (define-fun y$a_CS_P_0 () Bool
    false)
  (define-fun y$a_CS_P_1 () Bool
    false)
  (define-fun y$a_NCS_P_0 () Bool
    false)
  (define-fun y$a_NCS_P_1 () Bool
    false)
  (define-fun y$a_p1_P_0 () Bool
    false)
  (define-fun y$a_p1_P_1 () Bool
    false)
  (define-fun y$a_p2_P_0 () Bool
    false)
  (define-fun y$a_p2_P_1 () Bool
    false)
  (define-fun y$a_p3_P_0 () Bool
    false)
  (define-fun y$a_p3_P_1 () Bool
    false)
  (define-fun y$dve_invalid () Bool
    false)
  (define-fun y$id24 () Bool
    true)
  (define-fun y$id24_op () Bool
    true)
  (define-fun y$n0s32 () utt$32
    (as @3 utt$32))
  (define-fun y$n0s8 () utt$8
    (as @2 utt$8))
  (define-fun y$n1s32 () utt$32
    (as @5 utt$32))
  (define-fun y$n1s8 () utt$8
    (as @4 utt$8))
  (define-fun y$n2s32 () utt$32
    (as @6 utt$32))
  (define-fun y$prop () Bool
    false)
  (define-fun y$v3_19_op () utt$32
    (as @3 utt$32))
  (define-fun y$v3_20_op () utt$32
    (as @3 utt$32))
  (define-fun y$v3_21_op () utt$32
    (as @9 utt$32))
  (define-fun y$v3_22_op () Bool
    false)
  (define-fun y$v_Slot_0 () utt$8
    (as @2 utt$8))
  (define-fun y$v_Slot_1 () utt$8
    (as @2 utt$8))
  (define-fun y$v_my_place_P_0 () utt$8
    (as @2 utt$8))
  (define-fun y$v_my_place_P_1 () utt$8
    (as @2 utt$8))
  (define-fun y$v_next () utt$8
    (as @2 utt$8))
)
