unsat
(
smtcomp1
smtcomp2
smtcomp4
smtcomp5
smtcomp8
smtcomp9
smtcomp10
smtcomp11
smtcomp12
smtcomp13
smtcomp14
smtcomp15
smtcomp16
smtcomp17
smtcomp18
)
