unsat
(
smtcomp2
smtcomp8
smtcomp11
smtcomp12
smtcomp16
smtcomp17
smtcomp18
)
