sat
((X 2))
unsat
(error "pipe reader: unbalanced parentheses")

