(error "Nonlinear operations in the formula: (div x y)")

sat
