(error "Nonlinear operations in the formula: (div 10 y)")

sat
