sat
(
  (define-fun x () Int
    0)
  (define-fun y () Int
    0)
)
