(error "Nonlinear operations in the formula: (* x y)")

sat
