(error "Nonlinear operations in the formula: (mod x y)")

sat
