(error "Nonlinear operations in the formula: (mod 5 x)")

sat
