sat
((spy -16)(I_0 -17)(G_6 0)(EGGS -9)(OIL -15)(LARD -13)(FIRE -17)(WATER -16)(NOODLES -14)(COOKING -7)(EATING -6))
