sat
(
  (define-fun a () Real
    1)
  (define-fun b () Real
    2)
  (define-fun c () Real
    0)
)
