(error "Explicit division by zero encountered!")

(error "assertion returns an unknown sort")

unsat
